Copyright 1986-2022 Xilinx, Inc. All Rights Reserved. Copyright 2022-2025 Advanced Micro Devices, Inc. All Rights Reserved.
---------------------------------------------------------------------------------------------------------------------------------------------
| Tool Version : Vivado v.2025.1 (lin64) Build 6140274 Wed May 21 22:58:25 MDT 2025
| Date         : Fri Aug 14 14:17:01 2026
| Host         : ntk-System-Product-Name running 64-bit Ubuntu 22.04.5 LTS
| Command      : report_utilization -file /media/ntk/quant/yuechi_dpu_b1024/impl_util.rpt
| Design       : dpu_bd_wrapper
| Device       : xck24-ubva530-2LV-c
| Speed File   : -2LV
| Design State : Routed
---------------------------------------------------------------------------------------------------------------------------------------------

Utilization Design Information

Table of Contents
-----------------
1. CLB Logic
1.1 Summary of Registers by Type
2. CLB Logic Distribution
3. BLOCKRAM
4. ARITHMETIC
5. I/O
6. CLOCK
7. ADVANCED
8. CONFIGURATION
9. Primitives
10. Black Boxes
11. Instantiated Netlists

1. CLB Logic
------------

+----------------------------+-------+-------+------------+-----------+-------+
|          Site Type         |  Used | Fixed | Prohibited | Available | Util% |
+----------------------------+-------+-------+------------+-----------+-------+
| CLB LUTs                   | 39955 |     0 |          0 |     70560 | 56.63 |
|   LUT as Logic             | 34638 |     0 |          0 |     70560 | 49.09 |
|   LUT as Memory            |  5317 |     0 |          0 |     28800 | 18.46 |
|     LUT as Distributed RAM |  3176 |     0 |            |           |       |
|     LUT as Shift Register  |  2141 |     0 |            |           |       |
| CLB Registers              | 55319 |     0 |          0 |    141120 | 39.20 |
|   Register as Flip Flop    | 55319 |     0 |          0 |    141120 | 39.20 |
|   Register as Latch        |     0 |     0 |          0 |    141120 |  0.00 |
| CARRY8                     |   853 |     0 |          0 |      8820 |  9.67 |
| F7 Muxes                   |  1522 |     0 |          0 |     35280 |  4.31 |
| F8 Muxes                   |    18 |     0 |          0 |     17640 |  0.10 |
| F9 Muxes                   |     0 |     0 |          0 |      8820 |  0.00 |
+----------------------------+-------+-------+------------+-----------+-------+
* Warning! LUT value is adjusted to account for LUT combining.


1.1 Summary of Registers by Type
--------------------------------

+-------+--------------+-------------+--------------+
| Total | Clock Enable | Synchronous | Asynchronous |
+-------+--------------+-------------+--------------+
| 0     |            _ |           - |            - |
| 0     |            _ |           - |          Set |
| 0     |            _ |           - |        Reset |
| 0     |            _ |         Set |            - |
| 0     |            _ |       Reset |            - |
| 0     |          Yes |           - |            - |
| 0     |          Yes |           - |          Set |
| 108   |          Yes |           - |        Reset |
| 706   |          Yes |         Set |            - |
| 54505 |          Yes |       Reset |            - |
+-------+--------------+-------------+--------------+


2. CLB Logic Distribution
-------------------------

+--------------------------------------------+-------+-------+------------+-----------+-------+
|                  Site Type                 |  Used | Fixed | Prohibited | Available | Util% |
+--------------------------------------------+-------+-------+------------+-----------+-------+
| CLB                                        |  8169 |     0 |          0 |      8820 | 92.62 |
|   CLBL                                     |  4801 |     0 |            |           |       |
|   CLBM                                     |  3368 |     0 |            |           |       |
| LUT as Logic                               | 34638 |     0 |          0 |     70560 | 49.09 |
|   using O5 output only                     |   559 |       |            |           |       |
|   using O6 output only                     | 23914 |       |            |           |       |
|   using O5 and O6                          | 10165 |       |            |           |       |
| LUT as Memory                              |  5317 |     0 |          0 |     28800 | 18.46 |
|   LUT as Distributed RAM                   |  3176 |     0 |            |           |       |
|     using O5 output only                   |     0 |       |            |           |       |
|     using O6 output only                   |  1508 |       |            |           |       |
|     using O5 and O6                        |  1668 |       |            |           |       |
|   LUT as Shift Register                    |  2141 |     0 |            |           |       |
|     using O5 output only                   |     1 |       |            |           |       |
|     using O6 output only                   |  1096 |       |            |           |       |
|     using O5 and O6                        |  1044 |       |            |           |       |
| CLB Registers                              | 55319 |     0 |          0 |    141120 | 39.20 |
|   Register driven from within the CLB      | 29383 |       |            |           |       |
|   Register driven from outside the CLB     | 25936 |       |            |           |       |
|     LUT in front of the register is unused | 19007 |       |            |           |       |
|     LUT in front of the register is used   |  6929 |       |            |           |       |
| Unique Control Sets                        |  1724 |       |          0 |     17640 |  9.77 |
+--------------------------------------------+-------+-------+------------+-----------+-------+
* * Note: Available Control Sets calculated as Slices * 2, Review the Control Sets Report for more information regarding control sets.


3. BLOCKRAM
-----------

+-------------------+------+-------+------------+-----------+-------+
|     Site Type     | Used | Fixed | Prohibited | Available | Util% |
+-------------------+------+-------+------------+-----------+-------+
| Block RAM Tile    |  104 |     0 |          0 |       216 | 48.15 |
|   RAMB36/FIFO*    |  104 |     0 |          0 |       216 | 48.15 |
|     RAMB36E2 only |  104 |       |            |           |       |
|   RAMB18          |    0 |     0 |          0 |       432 |  0.00 |
+-------------------+------+-------+------------+-----------+-------+
* Note: Each Block RAM Tile only has one FIFO logic available and therefore can accommodate only one FIFO36E2 or one FIFO18E2. However, if a FIFO18E2 occupies a Block RAM Tile, that tile can still accommodate a RAMB18E2


4. ARITHMETIC
-------------

+----------------+------+-------+------------+-----------+-------+
|    Site Type   | Used | Fixed | Prohibited | Available | Util% |
+----------------+------+-------+------------+-----------+-------+
| DSPs           |  230 |     0 |          0 |       360 | 63.89 |
|   DSP48E2 only |  230 |       |            |           |       |
+----------------+------+-------+------------+-----------+-------+


5. I/O
------

+------------------+------+-------+------------+-----------+-------+
|     Site Type    | Used | Fixed | Prohibited | Available | Util% |
+------------------+------+-------+------------+-----------+-------+
| Bonded IOB       |    0 |     0 |          0 |        81 |  0.00 |
|   HPIOB_M        |    0 |     0 |          0 |        26 |  0.00 |
|   HPIOB_S        |    0 |     0 |          0 |        26 |  0.00 |
|   HDIOB_M        |    0 |     0 |          0 |        12 |  0.00 |
|   HDIOB_S        |    0 |     0 |          0 |        11 |  0.00 |
|   HPIOB_SNGL     |    0 |     0 |          0 |         6 |  0.00 |
| HPIOBDIFFINBUF   |    0 |     0 |          0 |        72 |  0.00 |
| HPIOBDIFFOUTBUF  |    0 |     0 |          0 |        72 |  0.00 |
| HDIOBDIFFINBUF   |    0 |     0 |          0 |        48 |  0.00 |
| BITSLICE_CONTROL |    0 |     0 |          0 |        24 |  0.00 |
| BITSLICE_RX_TX   |    0 |     0 |          0 |       936 |  0.00 |
| BITSLICE_TX      |    0 |     0 |          0 |        24 |  0.00 |
| RIU_OR           |    0 |     0 |          0 |        12 |  0.00 |
+------------------+------+-------+------------+-----------+-------+


6. CLOCK
--------

+------------+------+-------+------------+-----------+-------+
|  Site Type | Used | Fixed | Prohibited | Available | Util% |
+------------+------+-------+------------+-----------+-------+
| BUFGCE     |    2 |     0 |          0 |        88 |  2.27 |
| BUFGCE_DIV |    0 |     0 |          0 |        12 |  0.00 |
| BUFG_PS    |    1 |     0 |          0 |        72 |  1.39 |
| BUFGCTRL*  |    0 |     0 |          0 |        24 |  0.00 |
| PLL        |    0 |     0 |          0 |         6 |  0.00 |
| MMCM       |    1 |     0 |          0 |         3 | 33.33 |
+------------+------+-------+------------+-----------+-------+
* Note: Each used BUFGCTRL counts as two GLOBAL CLOCK BUFFERs. This table does not include global clocking resources, only buffer cell usage. See the Clock Utilization Report (report_clock_utilization) for detailed accounting of global clocking resource availability.


7. ADVANCED
-----------

+-----------+------+-------+------------+-----------+--------+
| Site Type | Used | Fixed | Prohibited | Available |  Util% |
+-----------+------+-------+------------+-----------+--------+
| PS8       |    1 |     0 |          0 |         1 | 100.00 |
| SYSMONE4  |    0 |     0 |          0 |         1 |   0.00 |
+-----------+------+-------+------------+-----------+--------+


8. CONFIGURATION
----------------

+-------------+------+-------+------------+-----------+-------+
|  Site Type  | Used | Fixed | Prohibited | Available | Util% |
+-------------+------+-------+------------+-----------+-------+
| BSCANE2     |    0 |     0 |          0 |         4 |  0.00 |
| DNA_PORTE2  |    0 |     0 |          0 |         1 |  0.00 |
| EFUSE_USR   |    0 |     0 |          0 |         1 |  0.00 |
| FRAME_ECCE4 |    0 |     0 |          0 |         1 |  0.00 |
| ICAPE3      |    0 |     0 |          0 |         2 |  0.00 |
| MASTER_JTAG |    0 |     0 |          0 |         1 |  0.00 |
| STARTUPE3   |    0 |     0 |          0 |         1 |  0.00 |
+-------------+------+-------+------------+-----------+-------+


9. Primitives
-------------

+------------+-------+---------------------+
|  Ref Name  |  Used | Functional Category |
+------------+-------+---------------------+
| FDRE       | 54505 |            Register |
| LUT6       | 15056 |                 CLB |
| LUT3       | 11974 |                 CLB |
| LUT4       |  6098 |                 CLB |
| LUT2       |  5521 |                 CLB |
| LUT5       |  5305 |                 CLB |
| RAMD32     |  2914 |                 CLB |
| SRL16E     |  2539 |                 CLB |
| MUXF7      |  1522 |                 CLB |
| RAMD64E    |  1504 |                 CLB |
| CARRY8     |   853 |                 CLB |
| LUT1       |   849 |                 CLB |
| FDSE       |   706 |            Register |
| SRLC32E    |   646 |                 CLB |
| RAMS32     |   426 |                 CLB |
| DSP48E2    |   230 |          Arithmetic |
| FDCE       |   108 |            Register |
| RAMB36E2   |   104 |            BLOCKRAM |
| MUXF8      |    18 |                 CLB |
| BUFGCE     |     2 |               Clock |
| PS8        |     1 |            Advanced |
| MMCME4_ADV |     1 |               Clock |
| BUFG_PS    |     1 |               Clock |
+------------+-------+---------------------+


10. Black Boxes
---------------

+----------+------+
| Ref Name | Used |
+----------+------+


11. Instantiated Netlists
-------------------------

+-------------------+------+
|      Ref Name     | Used |
+-------------------+------+
| dpu_bd_sc_instr_0 |    1 |
| dpu_bd_sc_data1_0 |    1 |
| dpu_bd_sc_data0_0 |    1 |
| dpu_bd_sc_ctrl_0  |    1 |
| dpu_bd_rst_ps_0   |    1 |
| dpu_bd_rst_1x_0   |    1 |
| dpu_bd_ps_0       |    1 |
| dpu_bd_dpu_0      |    1 |
| dpu_bd_clk_0      |    1 |
+-------------------+------+


