Copyright 1986-2022 Xilinx, Inc. All Rights Reserved. Copyright 2022-2025 Advanced Micro Devices, Inc. All Rights Reserved.
--------------------------------------------------------------------------------------------------------------------------------------------------
| Tool Version      : Vivado v.2025.1 (lin64) Build 6140274 Wed May 21 22:58:25 MDT 2025
| Date              : Fri Aug 14 14:17:05 2026
| Host              : ntk-System-Product-Name running 64-bit Ubuntu 22.04.5 LTS
| Command           : report_timing_summary -file /media/ntk/quant/yuechi_dpu_b1024/impl_timing.rpt
| Design            : dpu_bd_wrapper
| Device            : xck24-ubva530
| Speed File        : -2LV  PRODUCTION 1.30 05-15-2022
| Design State      : Routed
| Temperature Grade : C
--------------------------------------------------------------------------------------------------------------------------------------------------

Timing Summary Report

------------------------------------------------------------------------------------------------
| Timer Settings
| --------------
------------------------------------------------------------------------------------------------

  Enable Multi Corner Analysis               :  Yes
  Enable Pessimism Removal                   :  Yes
  Pessimism Removal Resolution               :  Nearest Common Node
  Enable Input Delay Default Clock           :  No
  Enable Preset / Clear Arcs                 :  No
  Disable Flight Delays                      :  No
  Ignore I/O Paths                           :  No
  Timing Early Launch at Borrowing Latches   :  No
  Borrow Time for Max Delay Exceptions       :  Yes
  Merge Timing Exceptions                    :  Yes
  Inter-SLR Compensation                     :  Conservative

  Corner  Analyze    Analyze    
  Name    Max Paths  Min Paths  
  ------  ---------  ---------  
  Slow    Yes        Yes        
  Fast    Yes        Yes        


------------------------------------------------------------------------------------------------
| Report Methodology
| ------------------
------------------------------------------------------------------------------------------------

Rule       Severity          Description                                                                          Violations  
---------  ----------------  -----------------------------------------------------------------------------------  ----------  
TIMING-4   Critical Warning  Invalid primary clock redefinition on a clock tree                                   1           
TIMING-27  Critical Warning  Invalid primary clock on hierarchical pin                                            1           
TIMING-54  Critical Warning  Scoped false path, clock group or max delay datapath only constraint between clocks  2           
TIMING-9   Warning           Unknown CDC Logic                                                                    1           
TIMING-46  Warning           Multicycle path with tied CE pins                                                    1           
ULMTCS-1   Warning           Control Sets use limits recommend reduction                                          1           
CLKC-40    Advisory          Substitute PLLE4 for MMCME4 check                                                    1           
CLKC-56    Advisory          MMCME4 with global clock driver has no LOC                                           1           

Note: This report is based on the most recent report_methodology run and may not be up-to-date. Run report_methodology on the current design for the latest report.



check_timing report

Table of Contents
-----------------
1. checking no_clock (0)
2. checking constant_clock (0)
3. checking pulse_width_clock (0)
4. checking unconstrained_internal_endpoints (0)
5. checking no_input_delay (0)
6. checking no_output_delay (0)
7. checking multiple_clock (0)
8. checking generated_clocks (0)
9. checking loops (0)
10. checking partial_input_delay (0)
11. checking partial_output_delay (0)
12. checking latch_loops (0)

1. checking no_clock (0)
------------------------
 There are 0 register/latch pins with no clock.


2. checking constant_clock (0)
------------------------------
 There are 0 register/latch pins with constant_clock.


3. checking pulse_width_clock (0)
---------------------------------
 There are 0 register/latch pins which need pulse_width check


4. checking unconstrained_internal_endpoints (0)
------------------------------------------------
 There are 0 pins that are not constrained for maximum delay.

 There are 0 pins that are not constrained for maximum delay due to constant clock.


5. checking no_input_delay (0)
------------------------------
 There are 0 input ports with no input delay specified.

 There are 0 input ports with no input delay but user has a false path constraint.


6. checking no_output_delay (0)
-------------------------------
 There are 0 ports with no output delay specified.

 There are 0 ports with no output delay but user has a false path constraint

 There are 0 ports with no output delay but with a timing clock defined on it or propagating through it


7. checking multiple_clock (0)
------------------------------
 There are 0 register/latch pins with multiple clocks.


8. checking generated_clocks (0)
--------------------------------
 There are 0 generated clocks that are not connected to a clock source.


9. checking loops (0)
---------------------
 There are 0 combinational loops in the design.


10. checking partial_input_delay (0)
------------------------------------
 There are 0 input ports with partial input delay specified.


11. checking partial_output_delay (0)
-------------------------------------
 There are 0 ports with partial output delay specified.


12. checking latch_loops (0)
----------------------------
 There are 0 combinational latch loops in the design through latch input



------------------------------------------------------------------------------------------------
| Design Timing Summary
| ---------------------
------------------------------------------------------------------------------------------------

    WNS(ns)      TNS(ns)  TNS Failing Endpoints  TNS Total Endpoints      WHS(ns)      THS(ns)  THS Failing Endpoints  THS Total Endpoints     WPWS(ns)     TPWS(ns)  TPWS Failing Endpoints  TPWS Total Endpoints  
    -------      -------  ---------------------  -------------------      -------      -------  ---------------------  -------------------     --------     --------  ----------------------  --------------------  
      0.500        0.000                      0               182576        0.010        0.000                      0               182576        0.488        0.000                       0                 63962  


All user specified timing constraints are met.


------------------------------------------------------------------------------------------------
| Clock Summary
| -------------
------------------------------------------------------------------------------------------------

Clock                      Waveform(ns)         Period(ns)      Frequency(MHz)
-----                      ------------         ----------      --------------
clk_pl_0                   {0.000 5.000}        10.000          100.000         
clk_pl_1                   {0.000 5.000}        10.000          100.000         
dpu_bd_i/clk/inst/clk_in1  {0.000 5.000}        10.000          100.000         
  clk_out1_dpu_bd_clk_0    {0.000 2.500}        5.000           200.000         
  clk_out2_dpu_bd_clk_0    {0.000 1.250}        2.500           400.000         


------------------------------------------------------------------------------------------------
| Intra Clock Table
| -----------------
------------------------------------------------------------------------------------------------

Clock                          WNS(ns)      TNS(ns)  TNS Failing Endpoints  TNS Total Endpoints      WHS(ns)      THS(ns)  THS Failing Endpoints  THS Total Endpoints     WPWS(ns)     TPWS(ns)  TPWS Failing Endpoints  TPWS Total Endpoints  
-----                          -------      -------  ---------------------  -------------------      -------      -------  ---------------------  -------------------     --------     --------  ----------------------  --------------------  
clk_pl_0                         5.226        0.000                      0                 7466        0.011        0.000                      0                 7466        3.500        0.000                       0                  2867  
dpu_bd_i/clk/inst/clk_in1                                                                                                                                                    2.000        0.000                       0                     1  
  clk_out1_dpu_bd_clk_0          0.747        0.000                      0               134869        0.010        0.000                      0               134869        1.000        0.000                       0                 50466  
  clk_out2_dpu_bd_clk_0          0.500        0.000                      0                38000        0.010        0.000                      0                38000        0.488        0.000                       0                 10628  


------------------------------------------------------------------------------------------------
| Inter Clock Table
| -----------------
------------------------------------------------------------------------------------------------

From Clock             To Clock                   WNS(ns)      TNS(ns)  TNS Failing Endpoints  TNS Total Endpoints      WHS(ns)      THS(ns)  THS Failing Endpoints  THS Total Endpoints  
----------             --------                   -------      -------  ---------------------  -------------------      -------      -------  ---------------------  -------------------  
clk_out2_dpu_bd_clk_0  clk_out1_dpu_bd_clk_0        1.585        0.000                      0                 1216        0.024        0.000                      0                 1216  
clk_out1_dpu_bd_clk_0  clk_out2_dpu_bd_clk_0        2.697        0.000                      0                 1026        0.065        0.000                      0                 1026  


------------------------------------------------------------------------------------------------
| Other Path Groups Table
| -----------------------
------------------------------------------------------------------------------------------------

Path Group    From Clock    To Clock          WNS(ns)      TNS(ns)  TNS Failing Endpoints  TNS Total Endpoints      WHS(ns)      THS(ns)  THS Failing Endpoints  THS Total Endpoints  
----------    ----------    --------          -------      -------  ---------------------  -------------------      -------      -------  ---------------------  -------------------  


------------------------------------------------------------------------------------------------
| Timing Details
| --------------
------------------------------------------------------------------------------------------------


---------------------------------------------------------------------------------------------------
From Clock:  clk_pl_0
  To Clock:  clk_pl_0

Setup :            0  Failing Endpoints,  Worst Slack        5.226ns,  Total Violation        0.000ns
Hold  :            0  Failing Endpoints,  Worst Slack        0.011ns,  Total Violation        0.000ns
PW    :            0  Failing Endpoints,  Worst Slack        3.500ns,  Total Violation        0.000ns
---------------------------------------------------------------------------------------------------


Max Delay Paths
--------------------------------------------------------------------------------------
Slack (MET) :             5.226ns  (required time - arrival time)
  Source:                 <hidden>
                            (rising edge-triggered cell FDRE clocked by clk_pl_0  {rise@0.000ns fall@5.000ns period=10.000ns})
  Destination:            <hidden>
                            (rising edge-triggered cell FDRE clocked by clk_pl_0  {rise@0.000ns fall@5.000ns period=10.000ns})
  Path Group:             clk_pl_0
  Path Type:              Setup (Max at Slow Process Corner)
  Requirement:            10.000ns  (clk_pl_0 rise@10.000ns - clk_pl_0 rise@0.000ns)
  Data Path Delay:        4.452ns  (logic 0.640ns (14.377%)  route 3.812ns (85.623%))
  Logic Levels:           3  (LUT4=1 LUT6=2)
  Clock Path Skew:        -0.083ns (DCD - SCD + CPR)
    Destination Clock Delay (DCD):    2.141ns = ( 12.141 - 10.000 ) 
    Source Clock Delay      (SCD):    2.402ns
    Clock Pessimism Removal (CPR):    0.178ns
  Clock Uncertainty:      0.160ns  ((TSJ^2 + DJ^2)^1/2) / 2 + PE
    Total System Jitter     (TSJ):    0.071ns
    Discrete Jitter          (DJ):    0.312ns
    Phase Error              (PE):    0.000ns
  Clock Net Delay (Source):      2.135ns (routing 1.050ns, distribution 1.085ns)
  Clock Net Delay (Destination): 1.925ns (routing 0.956ns, distribution 0.969ns)

    Location             Delay type                Incr(ns)  Path(ns)    Netlist Resource(s)
  -------------------------------------------------------------------    -------------------
                         (clock clk_pl_0 rise edge)
                                                      0.000     0.000 r  
    PS8_X0Y0             PS8                          0.000     0.000 r  dpu_bd_i/ps/inst/PS8_i/PLCLK[0]
                         net (fo=1, routed)           0.229     0.229    dpu_bd_i/ps/inst/pl_clk_unbuffered[0]
    BUFG_PS_X0Y58        BUFG_PS (Prop_BUFG_PS_I_O)
                                                      0.038     0.267 r  dpu_bd_i/ps/inst/buffer_pl_clk_0.PL_CLK_0_BUFG/O
    X0Y0 (CLOCK_ROOT)    net (fo=2868, routed)        2.135     2.402    <hidden>
    SLICE_X5Y17          FDRE                                         r  <hidden>
  -------------------------------------------------------------------    -------------------
    SLICE_X5Y17          FDRE (Prop_DFF_SLICEM_C_Q)
                                                      0.116     2.518 f  <hidden>
                         net (fo=20, routed)          0.971     3.490    <hidden>
    SLICE_X11Y12         LUT6 (Prop_G6LUT_SLICEL_I0_O)
                                                      0.226     3.716 r  <hidden>
                         net (fo=13, routed)          0.126     3.842    <hidden>
    SLICE_X11Y12         LUT4 (Prop_D5LUT_SLICEL_I0_O)
                                                      0.217     4.059 r  <hidden>
                         net (fo=3, routed)           0.305     4.364    <hidden>
    SLICE_X11Y12         LUT6 (Prop_F6LUT_SLICEL_I0_O)
                                                      0.081     4.445 r  <hidden>
                         net (fo=28, routed)          2.409     6.854    <hidden>
    SLICE_X25Y11         FDRE                                         r  <hidden>
  -------------------------------------------------------------------    -------------------

                         (clock clk_pl_0 rise edge)
                                                     10.000    10.000 r  
    PS8_X0Y0             PS8                          0.000    10.000 r  dpu_bd_i/ps/inst/PS8_i/PLCLK[0]
                         net (fo=1, routed)           0.181    10.181    dpu_bd_i/ps/inst/pl_clk_unbuffered[0]
    BUFG_PS_X0Y58        BUFG_PS (Prop_BUFG_PS_I_O)
                                                      0.035    10.216 r  dpu_bd_i/ps/inst/buffer_pl_clk_0.PL_CLK_0_BUFG/O
    X0Y0 (CLOCK_ROOT)    net (fo=2868, routed)        1.925    12.141    <hidden>
    SLICE_X25Y11         FDRE                                         r  <hidden>
                         clock pessimism              0.178    12.319    
                         clock uncertainty           -0.160    12.159    
    SLICE_X25Y11         FDRE (Setup_DFF_SLICEL_C_CE)
                                                     -0.079    12.080    <hidden>
  -------------------------------------------------------------------
                         required time                         12.080    
                         arrival time                          -6.854    
  -------------------------------------------------------------------
                         slack                                  5.226    





Min Delay Paths
--------------------------------------------------------------------------------------
Slack (MET) :             0.011ns  (arrival time - required time)
  Source:                 <hidden>
                            (rising edge-triggered cell FDRE clocked by clk_pl_0  {rise@0.000ns fall@5.000ns period=10.000ns})
  Destination:            <hidden>
                            (rising edge-triggered cell RAMD32 clocked by clk_pl_0  {rise@0.000ns fall@5.000ns period=10.000ns})
  Path Group:             clk_pl_0
  Path Type:              Hold (Min at Slow Process Corner)
  Requirement:            0.000ns  (clk_pl_0 rise@0.000ns - clk_pl_0 rise@0.000ns)
  Data Path Delay:        0.239ns  (logic 0.113ns (47.280%)  route 0.126ns (52.720%))
  Logic Levels:           0  
  Clock Path Skew:        0.125ns (DCD - SCD - CPR)
    Destination Clock Delay (DCD):    2.470ns
    Source Clock Delay      (SCD):    2.114ns
    Clock Pessimism Removal (CPR):    0.230ns
  Clock Net Delay (Source):      1.898ns (routing 0.956ns, distribution 0.942ns)
  Clock Net Delay (Destination): 2.203ns (routing 1.050ns, distribution 1.153ns)

    Location             Delay type                Incr(ns)  Path(ns)    Netlist Resource(s)
  -------------------------------------------------------------------    -------------------
                         (clock clk_pl_0 rise edge)
                                                      0.000     0.000 r  
    PS8_X0Y0             PS8                          0.000     0.000 r  dpu_bd_i/ps/inst/PS8_i/PLCLK[0]
                         net (fo=1, routed)           0.181     0.181    dpu_bd_i/ps/inst/pl_clk_unbuffered[0]
    BUFG_PS_X0Y58        BUFG_PS (Prop_BUFG_PS_I_O)
                                                      0.035     0.216 r  dpu_bd_i/ps/inst/buffer_pl_clk_0.PL_CLK_0_BUFG/O
    X0Y0 (CLOCK_ROOT)    net (fo=2868, routed)        1.898     2.114    <hidden>
    SLICE_X5Y23          FDRE                                         r  <hidden>
  -------------------------------------------------------------------    -------------------
    SLICE_X5Y23          FDRE (Prop_CFF2_SLICEM_C_Q)
                                                      0.113     2.227 r  <hidden>
                         net (fo=1, routed)           0.126     2.353    <hidden>
    SLICE_X5Y21          RAMD32                                       r  <hidden>
  -------------------------------------------------------------------    -------------------

                         (clock clk_pl_0 rise edge)
                                                      0.000     0.000 r  
    PS8_X0Y0             PS8                          0.000     0.000 r  dpu_bd_i/ps/inst/PS8_i/PLCLK[0]
                         net (fo=1, routed)           0.229     0.229    dpu_bd_i/ps/inst/pl_clk_unbuffered[0]
    BUFG_PS_X0Y58        BUFG_PS (Prop_BUFG_PS_I_O)
                                                      0.038     0.267 r  dpu_bd_i/ps/inst/buffer_pl_clk_0.PL_CLK_0_BUFG/O
    X0Y0 (CLOCK_ROOT)    net (fo=2868, routed)        2.203     2.470    <hidden>
    SLICE_X5Y21          RAMD32                                       r  <hidden>
                         clock pessimism             -0.230     2.240    
    SLICE_X5Y21          RAMD32 (Hold_F5LUT_SLICEM_CLK_I)
                                                      0.103     2.343    <hidden>
  -------------------------------------------------------------------
                         required time                         -2.343    
                         arrival time                           2.353    
  -------------------------------------------------------------------
                         slack                                  0.011    





Pulse Width Checks
--------------------------------------------------------------------------------------
Clock Name:         clk_pl_0
Waveform(ns):       { 0.000 5.000 }
Period(ns):         10.000
Sources:            { dpu_bd_i/ps/inst/PS8_i/PLCLK[0] }

Check Type        Corner  Lib Pin          Reference Pin  Required(ns)  Actual(ns)  Slack(ns)  Location  Pin
Min Period        n/a     PS8/MAXIGP0ACLK  n/a            3.000         10.000      7.000      PS8_X0Y0  dpu_bd_i/ps/inst/PS8_i/MAXIGP0ACLK
Low Pulse Width   Slow    PS8/MAXIGP0ACLK  n/a            1.500         5.000       3.500      PS8_X0Y0  dpu_bd_i/ps/inst/PS8_i/MAXIGP0ACLK
High Pulse Width  Slow    PS8/MAXIGP0ACLK  n/a            1.500         5.000       3.500      PS8_X0Y0  dpu_bd_i/ps/inst/PS8_i/MAXIGP0ACLK



---------------------------------------------------------------------------------------------------
From Clock:  dpu_bd_i/clk/inst/clk_in1
  To Clock:  dpu_bd_i/clk/inst/clk_in1

Setup :           NA  Failing Endpoints,  Worst Slack           NA  ,  Total Violation           NA
Hold  :           NA  Failing Endpoints,  Worst Slack           NA  ,  Total Violation           NA
PW    :            0  Failing Endpoints,  Worst Slack        2.000ns,  Total Violation        0.000ns
---------------------------------------------------------------------------------------------------


Pulse Width Checks
--------------------------------------------------------------------------------------
Clock Name:         dpu_bd_i/clk/inst/clk_in1
Waveform(ns):       { 0.000 5.000 }
Period(ns):         10.000
Sources:            { dpu_bd_i/clk/inst/clk_in1 }

Check Type        Corner  Lib Pin            Reference Pin  Required(ns)  Actual(ns)  Slack(ns)  Location   Pin
Min Period        n/a     MMCME4_ADV/CLKIN1  n/a            1.071         10.000      8.929      MMCM_X0Y1  dpu_bd_i/clk/inst/mmcme4_adv_inst/CLKIN1
Max Period        n/a     MMCME4_ADV/CLKIN1  n/a            100.000       10.000      90.000     MMCM_X0Y1  dpu_bd_i/clk/inst/mmcme4_adv_inst/CLKIN1
Low Pulse Width   Slow    MMCME4_ADV/CLKIN1  n/a            3.000         5.000       2.000      MMCM_X0Y1  dpu_bd_i/clk/inst/mmcme4_adv_inst/CLKIN1
High Pulse Width  Slow    MMCME4_ADV/CLKIN1  n/a            3.000         5.000       2.000      MMCM_X0Y1  dpu_bd_i/clk/inst/mmcme4_adv_inst/CLKIN1



---------------------------------------------------------------------------------------------------
From Clock:  clk_out1_dpu_bd_clk_0
  To Clock:  clk_out1_dpu_bd_clk_0

Setup :            0  Failing Endpoints,  Worst Slack        0.747ns,  Total Violation        0.000ns
Hold  :            0  Failing Endpoints,  Worst Slack        0.010ns,  Total Violation        0.000ns
PW    :            0  Failing Endpoints,  Worst Slack        1.000ns,  Total Violation        0.000ns
---------------------------------------------------------------------------------------------------


Max Delay Paths
--------------------------------------------------------------------------------------
Slack (MET) :             0.747ns  (required time - arrival time)
  Source:                 <hidden>
                            (rising edge-triggered cell FDRE clocked by clk_out1_dpu_bd_clk_0  {rise@0.000ns fall@2.500ns period=5.000ns})
  Destination:            <hidden>
                            (rising edge-triggered cell FDRE clocked by clk_out1_dpu_bd_clk_0  {rise@0.000ns fall@2.500ns period=5.000ns})
  Path Group:             clk_out1_dpu_bd_clk_0
  Path Type:              Setup (Max at Slow Process Corner)
  Requirement:            5.000ns  (clk_out1_dpu_bd_clk_0 rise@5.000ns - clk_out1_dpu_bd_clk_0 rise@0.000ns)
  Data Path Delay:        3.863ns  (logic 0.114ns (2.951%)  route 3.749ns (97.049%))
  Logic Levels:           0  
  Clock Path Skew:        -0.208ns (DCD - SCD + CPR)
    Destination Clock Delay (DCD):    4.487ns = ( 9.487 - 5.000 ) 
    Source Clock Delay      (SCD):    4.109ns
    Clock Pessimism Removal (CPR):    -0.587ns
  Clock Uncertainty:      0.062ns  ((TSJ^2 + DJ^2)^1/2) / 2 + PE
    Total System Jitter     (TSJ):    0.071ns
    Discrete Jitter          (DJ):    0.102ns
    Phase Error              (PE):    0.000ns
  Clock Net Delay (Source):      1.688ns (routing 0.246ns, distribution 1.442ns)
  Clock Net Delay (Destination): 1.464ns (routing 0.231ns, distribution 1.233ns)

    Location             Delay type                Incr(ns)  Path(ns)    Netlist Resource(s)
  -------------------------------------------------------------------    -------------------
                         (clock clk_out1_dpu_bd_clk_0 rise edge)
                                                      0.000     0.000 r  
    BUFG_PS_X0Y58        BUFG_PS                      0.000     0.000 r  dpu_bd_i/ps/inst/buffer_pl_clk_0.PL_CLK_0_BUFG/O
                         net (fo=2868, routed)        2.132     2.132    dpu_bd_i/clk/inst/clk_in1
    MMCM_X0Y1            MMCME4_ADV (Prop_MMCM_CLKIN1_CLKOUT0)
                                                     -0.103     2.029 r  dpu_bd_i/clk/inst/mmcme4_adv_inst/CLKOUT0
                         net (fo=1, routed)           0.348     2.377    dpu_bd_i/clk/inst/clk_out1_dpu_bd_clk_0
    BUFGCE_X0Y25         BUFGCE (Prop_BUFCE_BUFGCE_I_O)
                                                      0.044     2.421 r  dpu_bd_i/clk/inst/clkout1_buf/O
    X1Y1 (CLOCK_ROOT)    net (fo=50938, routed)       1.688     4.109    <hidden>
    SLICE_X31Y13         FDRE                                         r  <hidden>
  -------------------------------------------------------------------    -------------------
    SLICE_X31Y13         FDRE (Prop_HFF_SLICEM_C_Q)
                                                      0.114     4.223 r  <hidden>
                         net (fo=176, routed)         3.749     7.972    <hidden>
    SLICE_X37Y113        FDRE                                         r  <hidden>
  -------------------------------------------------------------------    -------------------

                         (clock clk_out1_dpu_bd_clk_0 rise edge)
                                                      5.000     5.000 r  
    BUFG_PS_X0Y58        BUFG_PS                      0.000     5.000 r  dpu_bd_i/ps/inst/buffer_pl_clk_0.PL_CLK_0_BUFG/O
                         net (fo=2868, routed)        1.938     6.938    dpu_bd_i/clk/inst/clk_in1
    MMCM_X0Y1            MMCME4_ADV (Prop_MMCM_CLKIN1_CLKOUT0)
                                                      0.739     7.677 r  dpu_bd_i/clk/inst/mmcme4_adv_inst/CLKOUT0
                         net (fo=1, routed)           0.307     7.984    dpu_bd_i/clk/inst/clk_out1_dpu_bd_clk_0
    BUFGCE_X0Y25         BUFGCE (Prop_BUFCE_BUFGCE_I_O)
                                                      0.039     8.023 r  dpu_bd_i/clk/inst/clkout1_buf/O
    X1Y1 (CLOCK_ROOT)    net (fo=50938, routed)       1.464     9.487    <hidden>
    SLICE_X37Y113        FDRE                                         r  <hidden>
                         clock pessimism             -0.587     8.900    
                         clock uncertainty           -0.062     8.838    
    SLICE_X37Y113        FDRE (Setup_EFF_SLICEM_C_R)
                                                     -0.119     8.719    <hidden>
  -------------------------------------------------------------------
                         required time                          8.719    
                         arrival time                          -7.972    
  -------------------------------------------------------------------
                         slack                                  0.747    





Min Delay Paths
--------------------------------------------------------------------------------------
Slack (MET) :             0.010ns  (arrival time - required time)
  Source:                 <hidden>
                            (rising edge-triggered cell FDRE clocked by clk_out1_dpu_bd_clk_0  {rise@0.000ns fall@2.500ns period=5.000ns})
  Destination:            <hidden>
                            (rising edge-triggered cell FDRE clocked by clk_out1_dpu_bd_clk_0  {rise@0.000ns fall@2.500ns period=5.000ns})
  Path Group:             clk_out1_dpu_bd_clk_0
  Path Type:              Hold (Min at Slow Process Corner)
  Requirement:            0.000ns  (clk_out1_dpu_bd_clk_0 rise@0.000ns - clk_out1_dpu_bd_clk_0 rise@0.000ns)
  Data Path Delay:        0.279ns  (logic 0.112ns (40.143%)  route 0.167ns (59.857%))
  Logic Levels:           0  
  Clock Path Skew:        0.166ns (DCD - SCD - CPR)
    Destination Clock Delay (DCD):    4.044ns
    Source Clock Delay      (SCD):    4.464ns
    Clock Pessimism Removal (CPR):    -0.587ns
  Clock Net Delay (Source):      1.441ns (routing 0.231ns, distribution 1.210ns)
  Clock Net Delay (Destination): 1.623ns (routing 0.246ns, distribution 1.377ns)

    Location             Delay type                Incr(ns)  Path(ns)    Netlist Resource(s)
  -------------------------------------------------------------------    -------------------
                         (clock clk_out1_dpu_bd_clk_0 rise edge)
                                                      0.000     0.000 r  
    BUFG_PS_X0Y58        BUFG_PS                      0.000     0.000 r  dpu_bd_i/ps/inst/buffer_pl_clk_0.PL_CLK_0_BUFG/O
                         net (fo=2868, routed)        1.938     1.938    dpu_bd_i/clk/inst/clk_in1
    MMCM_X0Y1            MMCME4_ADV (Prop_MMCM_CLKIN1_CLKOUT0)
                                                      0.739     2.677 r  dpu_bd_i/clk/inst/mmcme4_adv_inst/CLKOUT0
                         net (fo=1, routed)           0.307     2.984    dpu_bd_i/clk/inst/clk_out1_dpu_bd_clk_0
    BUFGCE_X0Y25         BUFGCE (Prop_BUFCE_BUFGCE_I_O)
                                                      0.039     3.023 r  dpu_bd_i/clk/inst/clkout1_buf/O
    X1Y1 (CLOCK_ROOT)    net (fo=50938, routed)       1.441     4.464    <hidden>
    SLICE_X44Y61         FDRE                                         r  <hidden>
  -------------------------------------------------------------------    -------------------
    SLICE_X44Y61         FDRE (Prop_HFF_SLICEL_C_Q)
                                                      0.112     4.576 r  <hidden>
                         net (fo=1, routed)           0.167     4.743    <hidden>
    SLICE_X44Y59         FDRE                                         r  <hidden>
  -------------------------------------------------------------------    -------------------

                         (clock clk_out1_dpu_bd_clk_0 rise edge)
                                                      0.000     0.000 r  
    BUFG_PS_X0Y58        BUFG_PS                      0.000     0.000 r  dpu_bd_i/ps/inst/buffer_pl_clk_0.PL_CLK_0_BUFG/O
                         net (fo=2868, routed)        2.132     2.132    dpu_bd_i/clk/inst/clk_in1
    MMCM_X0Y1            MMCME4_ADV (Prop_MMCM_CLKIN1_CLKOUT0)
                                                     -0.103     2.029 r  dpu_bd_i/clk/inst/mmcme4_adv_inst/CLKOUT0
                         net (fo=1, routed)           0.348     2.377    dpu_bd_i/clk/inst/clk_out1_dpu_bd_clk_0
    BUFGCE_X0Y25         BUFGCE (Prop_BUFCE_BUFGCE_I_O)
                                                      0.044     2.421 r  dpu_bd_i/clk/inst/clkout1_buf/O
    X1Y1 (CLOCK_ROOT)    net (fo=50938, routed)       1.623     4.044    <hidden>
    SLICE_X44Y59         FDRE                                         r  <hidden>
                         clock pessimism              0.587     4.631    
    SLICE_X44Y59         FDRE (Hold_CFF2_SLICEL_C_D)
                                                      0.103     4.734    <hidden>
  -------------------------------------------------------------------
                         required time                         -4.734    
                         arrival time                           4.743    
  -------------------------------------------------------------------
                         slack                                  0.010    





Pulse Width Checks
--------------------------------------------------------------------------------------
Clock Name:         clk_out1_dpu_bd_clk_0
Waveform(ns):       { 0.000 2.500 }
Period(ns):         5.000
Sources:            { dpu_bd_i/clk/inst/mmcme4_adv_inst/CLKOUT0 }

Check Type        Corner  Lib Pin          Reference Pin  Required(ns)  Actual(ns)  Slack(ns)  Location  Pin
Min Period        n/a     PS8/SAXIGP2RCLK  n/a            3.000         5.000       2.000      PS8_X0Y0  dpu_bd_i/ps/inst/PS8_i/SAXIGP2RCLK
Low Pulse Width   Slow    PS8/SAXIGP2RCLK  n/a            1.500         2.500       1.000      PS8_X0Y0  dpu_bd_i/ps/inst/PS8_i/SAXIGP2RCLK
High Pulse Width  Slow    PS8/SAXIGP2RCLK  n/a            1.500         2.500       1.000      PS8_X0Y0  dpu_bd_i/ps/inst/PS8_i/SAXIGP2RCLK



---------------------------------------------------------------------------------------------------
From Clock:  clk_out2_dpu_bd_clk_0
  To Clock:  clk_out2_dpu_bd_clk_0

Setup :            0  Failing Endpoints,  Worst Slack        0.500ns,  Total Violation        0.000ns
Hold  :            0  Failing Endpoints,  Worst Slack        0.010ns,  Total Violation        0.000ns
PW    :            0  Failing Endpoints,  Worst Slack        0.488ns,  Total Violation        0.000ns
---------------------------------------------------------------------------------------------------


Max Delay Paths
--------------------------------------------------------------------------------------
Slack (MET) :             0.500ns  (required time - arrival time)
  Source:                 <hidden>
                            (rising edge-triggered cell FDRE clocked by clk_out2_dpu_bd_clk_0  {rise@0.000ns fall@1.250ns period=2.500ns})
  Destination:            dpu_bd_i/dpu/inst/GenDpu0.u_dpu0/m_dpu_top/m_conv_top/inst_pea/u_mults/GenAddGrp[0].GenAddCh[3].GenMultOcp[0].u_mult_dsp_tree/GenMultPair[0].Gen8x8.u_mult_dsp/u_dsp/GenDsp48E2.u_dsp48e2/DSP_A_B_DATA_INST/B[14]
                            (rising edge-triggered cell DSP_A_B_DATA clocked by clk_out2_dpu_bd_clk_0  {rise@0.000ns fall@1.250ns period=2.500ns})
  Path Group:             clk_out2_dpu_bd_clk_0
  Path Type:              Setup (Max at Slow Process Corner)
  Requirement:            2.500ns  (clk_out2_dpu_bd_clk_0 rise@2.500ns - clk_out2_dpu_bd_clk_0 rise@0.000ns)
  Data Path Delay:        1.279ns  (logic 0.112ns (8.755%)  route 1.167ns (91.245%))
  Logic Levels:           0  
  Clock Path Skew:        -0.154ns (DCD - SCD + CPR)
    Destination Clock Delay (DCD):    4.625ns = ( 7.125 - 2.500 ) 
    Source Clock Delay      (SCD):    4.194ns
    Clock Pessimism Removal (CPR):    -0.585ns
  Clock Uncertainty:      0.057ns  ((TSJ^2 + DJ^2)^1/2) / 2 + PE
    Total System Jitter     (TSJ):    0.071ns
    Discrete Jitter          (DJ):    0.090ns
    Phase Error              (PE):    0.000ns
  Clock Net Delay (Source):      1.765ns (routing 0.246ns, distribution 1.519ns)
  Clock Net Delay (Destination): 1.596ns (routing 0.231ns, distribution 1.365ns)

    Location             Delay type                Incr(ns)  Path(ns)    Netlist Resource(s)
  -------------------------------------------------------------------    -------------------
                         (clock clk_out2_dpu_bd_clk_0 rise edge)
                                                      0.000     0.000 r  
    BUFG_PS_X0Y58        BUFG_PS                      0.000     0.000 r  dpu_bd_i/ps/inst/buffer_pl_clk_0.PL_CLK_0_BUFG/O
                         net (fo=2868, routed)        2.132     2.132    dpu_bd_i/clk/inst/clk_in1
    MMCM_X0Y1            MMCME4_ADV (Prop_MMCM_CLKIN1_CLKOUT1)
                                                     -0.103     2.029 r  dpu_bd_i/clk/inst/mmcme4_adv_inst/CLKOUT1
                         net (fo=1, routed)           0.356     2.385    dpu_bd_i/clk/inst/clk_out2_dpu_bd_clk_0
    BUFGCE_X0Y29         BUFGCE (Prop_BUFCE_BUFGCE_I_O)
                                                      0.044     2.429 r  dpu_bd_i/clk/inst/clkout2_buf/O
    X1Y1 (CLOCK_ROOT)    net (fo=11138, routed)       1.765     4.194    <hidden>
    SLICE_X19Y68         FDRE                                         r  <hidden>
  -------------------------------------------------------------------    -------------------
    SLICE_X19Y68         FDRE (Prop_BFF_SLICEM_C_Q)
                                                      0.112     4.306 r  <hidden>
                         net (fo=2, routed)           1.167     5.474    dpu_bd_i/dpu/inst/GenDpu0.u_dpu0/m_dpu_top/m_conv_top/inst_pea/u_mults/GenAddGrp[0].GenAddCh[3].GenMultOcp[0].u_mult_dsp_tree/GenMultPair[0].Gen8x8.u_mult_dsp/u_dsp/GenDsp48E2.u_dsp48e2/B[14]
    DSP48E2_X1Y58        DSP_A_B_DATA                                 r  dpu_bd_i/dpu/inst/GenDpu0.u_dpu0/m_dpu_top/m_conv_top/inst_pea/u_mults/GenAddGrp[0].GenAddCh[3].GenMultOcp[0].u_mult_dsp_tree/GenMultPair[0].Gen8x8.u_mult_dsp/u_dsp/GenDsp48E2.u_dsp48e2/DSP_A_B_DATA_INST/B[14]
  -------------------------------------------------------------------    -------------------

                         (clock clk_out2_dpu_bd_clk_0 rise edge)
                                                      2.500     2.500 r  
    BUFG_PS_X0Y58        BUFG_PS                      0.000     2.500 r  dpu_bd_i/ps/inst/buffer_pl_clk_0.PL_CLK_0_BUFG/O
                         net (fo=2868, routed)        1.938     4.438    dpu_bd_i/clk/inst/clk_in1
    MMCM_X0Y1            MMCME4_ADV (Prop_MMCM_CLKIN1_CLKOUT1)
                                                      0.739     5.177 r  dpu_bd_i/clk/inst/mmcme4_adv_inst/CLKOUT1
                         net (fo=1, routed)           0.313     5.490    dpu_bd_i/clk/inst/clk_out2_dpu_bd_clk_0
    BUFGCE_X0Y29         BUFGCE (Prop_BUFCE_BUFGCE_I_O)
                                                      0.039     5.529 r  dpu_bd_i/clk/inst/clkout2_buf/O
    X1Y1 (CLOCK_ROOT)    net (fo=11138, routed)       1.596     7.125    dpu_bd_i/dpu/inst/GenDpu0.u_dpu0/m_dpu_top/m_conv_top/inst_pea/u_mults/GenAddGrp[0].GenAddCh[3].GenMultOcp[0].u_mult_dsp_tree/GenMultPair[0].Gen8x8.u_mult_dsp/u_dsp/GenDsp48E2.u_dsp48e2/CLK
    DSP48E2_X1Y58        DSP_A_B_DATA                                 r  dpu_bd_i/dpu/inst/GenDpu0.u_dpu0/m_dpu_top/m_conv_top/inst_pea/u_mults/GenAddGrp[0].GenAddCh[3].GenMultOcp[0].u_mult_dsp_tree/GenMultPair[0].Gen8x8.u_mult_dsp/u_dsp/GenDsp48E2.u_dsp48e2/DSP_A_B_DATA_INST/CLK
                         clock pessimism             -0.585     6.540    
                         clock uncertainty           -0.057     6.483    
    DSP48E2_X1Y58        DSP_A_B_DATA (Setup_DSP_A_B_DATA_DSP48E2_CLK_B[14])
                                                     -0.509     5.974    dpu_bd_i/dpu/inst/GenDpu0.u_dpu0/m_dpu_top/m_conv_top/inst_pea/u_mults/GenAddGrp[0].GenAddCh[3].GenMultOcp[0].u_mult_dsp_tree/GenMultPair[0].Gen8x8.u_mult_dsp/u_dsp/GenDsp48E2.u_dsp48e2/DSP_A_B_DATA_INST
  -------------------------------------------------------------------
                         required time                          5.974    
                         arrival time                          -5.474    
  -------------------------------------------------------------------
                         slack                                  0.500    





Min Delay Paths
--------------------------------------------------------------------------------------
Slack (MET) :             0.010ns  (arrival time - required time)
  Source:                 <hidden>
                            (rising edge-triggered cell FDRE clocked by clk_out2_dpu_bd_clk_0  {rise@0.000ns fall@1.250ns period=2.500ns})
  Destination:            <hidden>
                            (rising edge-triggered cell SRL16E clocked by clk_out2_dpu_bd_clk_0  {rise@0.000ns fall@1.250ns period=2.500ns})
  Path Group:             clk_out2_dpu_bd_clk_0
  Path Type:              Hold (Min at Slow Process Corner)
  Requirement:            0.000ns  (clk_out2_dpu_bd_clk_0 rise@0.000ns - clk_out2_dpu_bd_clk_0 rise@0.000ns)
  Data Path Delay:        0.231ns  (logic 0.112ns (48.485%)  route 0.119ns (51.515%))
  Logic Levels:           0  
  Clock Path Skew:        0.154ns (DCD - SCD - CPR)
    Destination Clock Delay (DCD):    4.227ns
    Source Clock Delay      (SCD):    4.586ns
    Clock Pessimism Removal (CPR):    -0.513ns
  Clock Net Delay (Source):      1.557ns (routing 0.231ns, distribution 1.326ns)
  Clock Net Delay (Destination): 1.798ns (routing 0.246ns, distribution 1.552ns)

    Location             Delay type                Incr(ns)  Path(ns)    Netlist Resource(s)
  -------------------------------------------------------------------    -------------------
                         (clock clk_out2_dpu_bd_clk_0 rise edge)
                                                      0.000     0.000 r  
    BUFG_PS_X0Y58        BUFG_PS                      0.000     0.000 r  dpu_bd_i/ps/inst/buffer_pl_clk_0.PL_CLK_0_BUFG/O
                         net (fo=2868, routed)        1.938     1.938    dpu_bd_i/clk/inst/clk_in1
    MMCM_X0Y1            MMCME4_ADV (Prop_MMCM_CLKIN1_CLKOUT1)
                                                      0.739     2.677 r  dpu_bd_i/clk/inst/mmcme4_adv_inst/CLKOUT1
                         net (fo=1, routed)           0.313     2.990    dpu_bd_i/clk/inst/clk_out2_dpu_bd_clk_0
    BUFGCE_X0Y29         BUFGCE (Prop_BUFCE_BUFGCE_I_O)
                                                      0.039     3.029 r  dpu_bd_i/clk/inst/clkout2_buf/O
    X1Y1 (CLOCK_ROOT)    net (fo=11138, routed)       1.557     4.586    <hidden>
    SLICE_X18Y79         FDRE                                         r  <hidden>
  -------------------------------------------------------------------    -------------------
    SLICE_X18Y79         FDRE (Prop_FFF_SLICEL_C_Q)
                                                      0.112     4.698 r  <hidden>
                         net (fo=1, routed)           0.119     4.817    <hidden>
    SLICE_X19Y79         SRL16E                                       r  <hidden>
  -------------------------------------------------------------------    -------------------

                         (clock clk_out2_dpu_bd_clk_0 rise edge)
                                                      0.000     0.000 r  
    BUFG_PS_X0Y58        BUFG_PS                      0.000     0.000 r  dpu_bd_i/ps/inst/buffer_pl_clk_0.PL_CLK_0_BUFG/O
                         net (fo=2868, routed)        2.132     2.132    dpu_bd_i/clk/inst/clk_in1
    MMCM_X0Y1            MMCME4_ADV (Prop_MMCM_CLKIN1_CLKOUT1)
                                                     -0.103     2.029 r  dpu_bd_i/clk/inst/mmcme4_adv_inst/CLKOUT1
                         net (fo=1, routed)           0.356     2.385    dpu_bd_i/clk/inst/clk_out2_dpu_bd_clk_0
    BUFGCE_X0Y29         BUFGCE (Prop_BUFCE_BUFGCE_I_O)
                                                      0.044     2.429 r  dpu_bd_i/clk/inst/clkout2_buf/O
    X1Y1 (CLOCK_ROOT)    net (fo=11138, routed)       1.798     4.227    <hidden>
    SLICE_X19Y79         SRL16E                                       r  <hidden>
                         clock pessimism              0.513     4.741    
    SLICE_X19Y79         SRL16E (Hold_E5LUT_SLICEM_CLK_D)
                                                      0.067     4.808    <hidden>
  -------------------------------------------------------------------
                         required time                         -4.808    
                         arrival time                           4.817    
  -------------------------------------------------------------------
                         slack                                  0.010    





Pulse Width Checks
--------------------------------------------------------------------------------------
Clock Name:         clk_out2_dpu_bd_clk_0
Waveform(ns):       { 0.000 1.250 }
Period(ns):         2.500
Sources:            { dpu_bd_i/clk/inst/mmcme4_adv_inst/CLKOUT1 }

Check Type        Corner  Lib Pin     Reference Pin  Required(ns)  Actual(ns)  Slack(ns)  Location       Pin
Min Period        n/a     SRL16E/CLK  n/a            1.524         2.500       0.976      SLICE_X34Y157  <hidden>
Low Pulse Width   Slow    SRL16E/CLK  n/a            0.762         1.250       0.488      SLICE_X34Y157  <hidden>
High Pulse Width  Slow    SRL16E/CLK  n/a            0.762         1.250       0.488      SLICE_X34Y157  <hidden>



---------------------------------------------------------------------------------------------------
From Clock:  clk_out2_dpu_bd_clk_0
  To Clock:  clk_out1_dpu_bd_clk_0

Setup :            0  Failing Endpoints,  Worst Slack        1.585ns,  Total Violation        0.000ns
Hold  :            0  Failing Endpoints,  Worst Slack        0.024ns,  Total Violation        0.000ns
---------------------------------------------------------------------------------------------------


Max Delay Paths
--------------------------------------------------------------------------------------
Slack (MET) :             1.585ns  (required time - arrival time)
  Source:                 <hidden>
                            (rising edge-triggered cell FDRE clocked by clk_out2_dpu_bd_clk_0  {rise@0.000ns fall@1.250ns period=2.500ns})
  Destination:            <hidden>
                            (rising edge-triggered cell FDRE clocked by clk_out1_dpu_bd_clk_0  {rise@0.000ns fall@2.500ns period=5.000ns})
  Path Group:             clk_out1_dpu_bd_clk_0
  Path Type:              Setup (Max at Slow Process Corner)
  Requirement:            5.000ns  (clk_out1_dpu_bd_clk_0 rise@5.000ns - clk_out2_dpu_bd_clk_0 rise@0.000ns)
  Data Path Delay:        3.034ns  (logic 0.963ns (31.740%)  route 2.071ns (68.260%))
  Logic Levels:           5  (CARRY8=3 LUT4=1 LUT5=1)
  Clock Path Skew:        -0.243ns (DCD - SCD + CPR)
    Destination Clock Delay (DCD):    4.500ns = ( 9.500 - 5.000 ) 
    Source Clock Delay      (SCD):    4.095ns = ( 6.595 - 2.500 ) 
    Clock Pessimism Removal (CPR):    -0.648ns
  Clock Uncertainty:      0.182ns  ((TSJ^2 + DJ^2)^1/2) / 2 + PE
    Total System Jitter     (TSJ):    0.071ns
    Discrete Jitter          (DJ):    0.102ns
    Phase Error              (PE):    0.120ns
  Clock Net Delay (Source):      1.666ns (routing 0.246ns, distribution 1.420ns)
  Clock Net Delay (Destination): 1.477ns (routing 0.231ns, distribution 1.246ns)
  Timing Exception:       MultiCycle Path   Setup -start 2

    Location             Delay type                Incr(ns)  Path(ns)    Netlist Resource(s)
  -------------------------------------------------------------------    -------------------
                         (clock clk_out2_dpu_bd_clk_0 rise edge)
                                                      0.000     0.000 r  
    BUFG_PS_X0Y58        BUFG_PS                      0.000     0.000 r  dpu_bd_i/ps/inst/buffer_pl_clk_0.PL_CLK_0_BUFG/O
                         net (fo=2868, routed)        2.132     2.132    dpu_bd_i/clk/inst/clk_in1
    MMCM_X0Y1            MMCME4_ADV (Prop_MMCM_CLKIN1_CLKOUT1)
                                                     -0.103     2.029 r  dpu_bd_i/clk/inst/mmcme4_adv_inst/CLKOUT1
                         net (fo=1, routed)           0.356     2.385    dpu_bd_i/clk/inst/clk_out2_dpu_bd_clk_0
    BUFGCE_X0Y29         BUFGCE (Prop_BUFCE_BUFGCE_I_O)
                                                      0.044     2.429 r  dpu_bd_i/clk/inst/clkout2_buf/O
    X1Y1 (CLOCK_ROOT)    net (fo=11138, routed)       1.666     4.095    <hidden>
    SLICE_X35Y150        FDRE                                         r  <hidden>
  -------------------------------------------------------------------    -------------------
    SLICE_X35Y150        FDRE (Prop_HFF2_SLICEL_C_Q)
                                                      0.115     4.210 r  <hidden>
                         net (fo=2, routed)           1.116     5.326    <hidden>
    SLICE_X36Y153        LUT4 (Prop_A5LUT_SLICEL_I3_O)
                                                      0.192     5.518 r  <hidden>
                         net (fo=2, routed)           0.849     6.367    <hidden>
    SLICE_X36Y153        LUT5 (Prop_B6LUT_SLICEL_I2_O)
                                                      0.224     6.591 r  <hidden>
                         net (fo=1, routed)           0.013     6.604    <hidden>
    SLICE_X36Y153        CARRY8 (Prop_CARRY8_SLICEL_S[1]_CO[7])
                                                      0.261     6.865 r  <hidden>
                         net (fo=1, routed)           0.030     6.895    <hidden>
    SLICE_X36Y154        CARRY8 (Prop_CARRY8_SLICEL_CI_CO[7])
                                                      0.065     6.960 r  <hidden>
                         net (fo=1, routed)           0.030     6.990    <hidden>
    SLICE_X36Y155        CARRY8 (Prop_CARRY8_SLICEL_CI_O[1])
                                                      0.106     7.096 r  <hidden>
                         net (fo=1, routed)           0.033     7.129    <hidden>
    SLICE_X36Y155        FDRE                                         r  <hidden>
  -------------------------------------------------------------------    -------------------

                         (clock clk_out1_dpu_bd_clk_0 rise edge)
                                                      5.000     5.000 r  
    BUFG_PS_X0Y58        BUFG_PS                      0.000     5.000 r  dpu_bd_i/ps/inst/buffer_pl_clk_0.PL_CLK_0_BUFG/O
                         net (fo=2868, routed)        1.938     6.938    dpu_bd_i/clk/inst/clk_in1
    MMCM_X0Y1            MMCME4_ADV (Prop_MMCM_CLKIN1_CLKOUT0)
                                                      0.739     7.677 r  dpu_bd_i/clk/inst/mmcme4_adv_inst/CLKOUT0
                         net (fo=1, routed)           0.307     7.984    dpu_bd_i/clk/inst/clk_out1_dpu_bd_clk_0
    BUFGCE_X0Y25         BUFGCE (Prop_BUFCE_BUFGCE_I_O)
                                                      0.039     8.023 r  dpu_bd_i/clk/inst/clkout1_buf/O
    X1Y1 (CLOCK_ROOT)    net (fo=50938, routed)       1.477     9.500    <hidden>
    SLICE_X36Y155        FDRE                                         r  <hidden>
                         clock pessimism             -0.648     8.852    
                         clock uncertainty           -0.182     8.670    
    SLICE_X36Y155        FDRE (Setup_BFF_SLICEL_C_D)
                                                      0.044     8.714    <hidden>
  -------------------------------------------------------------------
                         required time                          8.714    
                         arrival time                          -7.129    
  -------------------------------------------------------------------
                         slack                                  1.585    





Min Delay Paths
--------------------------------------------------------------------------------------
Slack (MET) :             0.024ns  (arrival time - required time)
  Source:                 <hidden>
                            (rising edge-triggered cell FDRE clocked by clk_out2_dpu_bd_clk_0  {rise@0.000ns fall@1.250ns period=2.500ns})
  Destination:            <hidden>
                            (rising edge-triggered cell FDRE clocked by clk_out1_dpu_bd_clk_0  {rise@0.000ns fall@2.500ns period=5.000ns})
  Path Group:             clk_out1_dpu_bd_clk_0
  Path Type:              Hold (Min at Fast Process Corner)
  Requirement:            0.000ns  (clk_out1_dpu_bd_clk_0 rise@0.000ns - clk_out2_dpu_bd_clk_0 rise@0.000ns)
  Data Path Delay:        0.357ns  (logic 0.181ns (50.700%)  route 0.176ns (49.300%))
  Logic Levels:           2  (CARRY8=1 LUT4=1)
  Clock Path Skew:        0.107ns (DCD - SCD - CPR)
    Destination Clock Delay (DCD):    2.393ns
    Source Clock Delay      (SCD):    2.829ns
    Clock Pessimism Removal (CPR):    -0.543ns
  Clock Uncertainty:      0.182ns  ((TSJ^2 + DJ^2)^1/2) / 2 + PE
    Total System Jitter     (TSJ):    0.071ns
    Discrete Jitter          (DJ):    0.102ns
    Phase Error              (PE):    0.120ns
  Clock Net Delay (Source):      0.900ns (routing 0.126ns, distribution 0.774ns)
  Clock Net Delay (Destination): 0.983ns (routing 0.133ns, distribution 0.850ns)
  Timing Exception:       MultiCycle Path   Setup -start 2    Hold  -start 1

    Location             Delay type                Incr(ns)  Path(ns)    Netlist Resource(s)
  -------------------------------------------------------------------    -------------------
                         (clock clk_out2_dpu_bd_clk_0 rise edge)
                                                      0.000     0.000 r  
    BUFG_PS_X0Y58        BUFG_PS                      0.000     0.000 r  dpu_bd_i/ps/inst/buffer_pl_clk_0.PL_CLK_0_BUFG/O
                         net (fo=2868, routed)        1.157     1.157    dpu_bd_i/clk/inst/clk_in1
    MMCM_X0Y1            MMCME4_ADV (Prop_MMCM_CLKIN1_CLKOUT1)
                                                      0.566     1.723 r  dpu_bd_i/clk/inst/mmcme4_adv_inst/CLKOUT1
                         net (fo=1, routed)           0.183     1.906    dpu_bd_i/clk/inst/clk_out2_dpu_bd_clk_0
    BUFGCE_X0Y29         BUFGCE (Prop_BUFCE_BUFGCE_I_O)
                                                      0.023     1.929 r  dpu_bd_i/clk/inst/clkout2_buf/O
    X1Y1 (CLOCK_ROOT)    net (fo=11138, routed)       0.900     2.829    <hidden>
    SLICE_X36Y167        FDRE                                         r  <hidden>
  -------------------------------------------------------------------    -------------------
    SLICE_X36Y167        FDRE (Prop_HFF_SLICEL_C_Q)
                                                      0.084     2.913 r  <hidden>
                         net (fo=2, routed)           0.159     3.072    <hidden>
    SLICE_X36Y168        LUT4 (Prop_A6LUT_SLICEL_I3_O)
                                                      0.077     3.149 r  <hidden>
                         net (fo=1, routed)           0.009     3.158    <hidden>
    SLICE_X36Y168        CARRY8 (Prop_CARRY8_SLICEL_S[0]_O[0])
                                                      0.020     3.178 r  <hidden>
                         net (fo=1, routed)           0.008     3.186    <hidden>
    SLICE_X36Y168        FDRE                                         r  <hidden>
  -------------------------------------------------------------------    -------------------

                         (clock clk_out1_dpu_bd_clk_0 rise edge)
                                                      0.000     0.000 r  
    BUFG_PS_X0Y58        BUFG_PS                      0.000     0.000 r  dpu_bd_i/ps/inst/buffer_pl_clk_0.PL_CLK_0_BUFG/O
                         net (fo=2868, routed)        1.259     1.259    dpu_bd_i/clk/inst/clk_in1
    MMCM_X0Y1            MMCME4_ADV (Prop_MMCM_CLKIN1_CLKOUT0)
                                                     -0.079     1.180 r  dpu_bd_i/clk/inst/mmcme4_adv_inst/CLKOUT0
                         net (fo=1, routed)           0.204     1.384    dpu_bd_i/clk/inst/clk_out1_dpu_bd_clk_0
    BUFGCE_X0Y25         BUFGCE (Prop_BUFCE_BUFGCE_I_O)
                                                      0.026     1.410 r  dpu_bd_i/clk/inst/clkout1_buf/O
    X1Y1 (CLOCK_ROOT)    net (fo=50938, routed)       0.983     2.393    <hidden>
    SLICE_X36Y168        FDRE                                         r  <hidden>
                         clock pessimism              0.543     2.936    
                         clock uncertainty            0.182     3.118    
    SLICE_X36Y168        FDRE (Hold_AFF_SLICEL_C_D)
                                                      0.044     3.162    <hidden>
  -------------------------------------------------------------------
                         required time                         -3.162    
                         arrival time                           3.186    
  -------------------------------------------------------------------
                         slack                                  0.024    





---------------------------------------------------------------------------------------------------
From Clock:  clk_out1_dpu_bd_clk_0
  To Clock:  clk_out2_dpu_bd_clk_0

Setup :            0  Failing Endpoints,  Worst Slack        2.697ns,  Total Violation        0.000ns
Hold  :            0  Failing Endpoints,  Worst Slack        0.065ns,  Total Violation        0.000ns
---------------------------------------------------------------------------------------------------


Max Delay Paths
--------------------------------------------------------------------------------------
Slack (MET) :             2.697ns  (required time - arrival time)
  Source:                 <hidden>
                            (rising edge-triggered cell FDRE clocked by clk_out1_dpu_bd_clk_0  {rise@0.000ns fall@2.500ns period=5.000ns})
  Destination:            <hidden>
                            (rising edge-triggered cell FDRE clocked by clk_out2_dpu_bd_clk_0  {rise@0.000ns fall@1.250ns period=2.500ns})
  Path Group:             clk_out2_dpu_bd_clk_0
  Path Type:              Setup (Max at Slow Process Corner)
  Requirement:            5.000ns  (clk_out2_dpu_bd_clk_0 rise@5.000ns - clk_out1_dpu_bd_clk_0 rise@0.000ns)
  Data Path Delay:        2.034ns  (logic 0.201ns (9.881%)  route 1.833ns (90.119%))
  Logic Levels:           1  (LUT4=1)
  Clock Path Skew:        -0.133ns (DCD - SCD + CPR)
    Destination Clock Delay (DCD):    4.622ns = ( 7.122 - 2.500 ) 
    Source Clock Delay      (SCD):    4.107ns
    Clock Pessimism Removal (CPR):    -0.648ns
  Clock Uncertainty:      0.182ns  ((TSJ^2 + DJ^2)^1/2) / 2 + PE
    Total System Jitter     (TSJ):    0.071ns
    Discrete Jitter          (DJ):    0.102ns
    Phase Error              (PE):    0.120ns
  Clock Net Delay (Source):      1.686ns (routing 0.246ns, distribution 1.440ns)
  Clock Net Delay (Destination): 1.593ns (routing 0.231ns, distribution 1.362ns)
  Timing Exception:       MultiCycle Path   Setup -end   2

    Location             Delay type                Incr(ns)  Path(ns)    Netlist Resource(s)
  -------------------------------------------------------------------    -------------------
                         (clock clk_out1_dpu_bd_clk_0 rise edge)
                                                      0.000     0.000 r  
    BUFG_PS_X0Y58        BUFG_PS                      0.000     0.000 r  dpu_bd_i/ps/inst/buffer_pl_clk_0.PL_CLK_0_BUFG/O
                         net (fo=2868, routed)        2.132     2.132    dpu_bd_i/clk/inst/clk_in1
    MMCM_X0Y1            MMCME4_ADV (Prop_MMCM_CLKIN1_CLKOUT0)
                                                     -0.103     2.029 r  dpu_bd_i/clk/inst/mmcme4_adv_inst/CLKOUT0
                         net (fo=1, routed)           0.348     2.377    dpu_bd_i/clk/inst/clk_out1_dpu_bd_clk_0
    BUFGCE_X0Y25         BUFGCE (Prop_BUFCE_BUFGCE_I_O)
                                                      0.044     2.421 r  dpu_bd_i/clk/inst/clkout1_buf/O
    X1Y1 (CLOCK_ROOT)    net (fo=50938, routed)       1.686     4.107    <hidden>
    SLICE_X37Y121        FDRE                                         r  <hidden>
  -------------------------------------------------------------------    -------------------
    SLICE_X37Y121        FDRE (Prop_AFF_SLICEM_C_Q)
                                                      0.113     4.220 r  <hidden>
                         net (fo=41, routed)          1.809     6.029    <hidden>
    SLICE_X12Y79         LUT4 (Prop_D5LUT_SLICEL_I1_O)
                                                      0.088     6.117 r  <hidden>
                         net (fo=1, routed)           0.024     6.141    <hidden>
    SLICE_X12Y79         FDRE                                         r  <hidden>
  -------------------------------------------------------------------    -------------------

                         (clock clk_out2_dpu_bd_clk_0 rise edge)
                                                      5.000     5.000 r  
    BUFG_PS_X0Y58        BUFG_PS                      0.000     5.000 r  dpu_bd_i/ps/inst/buffer_pl_clk_0.PL_CLK_0_BUFG/O
                         net (fo=2868, routed)        1.938     6.938    dpu_bd_i/clk/inst/clk_in1
    MMCM_X0Y1            MMCME4_ADV (Prop_MMCM_CLKIN1_CLKOUT1)
                                                      0.739     7.677 r  dpu_bd_i/clk/inst/mmcme4_adv_inst/CLKOUT1
                         net (fo=1, routed)           0.313     7.990    dpu_bd_i/clk/inst/clk_out2_dpu_bd_clk_0
    BUFGCE_X0Y29         BUFGCE (Prop_BUFCE_BUFGCE_I_O)
                                                      0.039     8.029 r  dpu_bd_i/clk/inst/clkout2_buf/O
    X1Y1 (CLOCK_ROOT)    net (fo=11138, routed)       1.593     9.622    <hidden>
    SLICE_X12Y79         FDRE                                         r  <hidden>
                         clock pessimism             -0.648     8.974    
                         clock uncertainty           -0.182     8.792    
    SLICE_X12Y79         FDRE (Setup_DFF2_SLICEL_C_D)
                                                      0.046     8.838    <hidden>
  -------------------------------------------------------------------
                         required time                          8.838    
                         arrival time                          -6.141    
  -------------------------------------------------------------------
                         slack                                  2.697    





Min Delay Paths
--------------------------------------------------------------------------------------
Slack (MET) :             0.065ns  (arrival time - required time)
  Source:                 <hidden>
                            (rising edge-triggered cell FDRE clocked by clk_out1_dpu_bd_clk_0  {rise@0.000ns fall@2.500ns period=5.000ns})
  Destination:            <hidden>
                            (rising edge-triggered cell FDRE clocked by clk_out2_dpu_bd_clk_0  {rise@0.000ns fall@1.250ns period=2.500ns})
  Path Group:             clk_out2_dpu_bd_clk_0
  Path Type:              Hold (Min at Fast Process Corner)
  Requirement:            0.000ns  (clk_out2_dpu_bd_clk_0 rise@0.000ns - clk_out1_dpu_bd_clk_0 rise@0.000ns)
  Data Path Delay:        0.400ns  (logic 0.082ns (20.500%)  route 0.318ns (79.500%))
  Logic Levels:           0  
  Clock Path Skew:        0.109ns (DCD - SCD - CPR)
    Destination Clock Delay (DCD):    2.400ns
    Source Clock Delay      (SCD):    2.834ns
    Clock Pessimism Removal (CPR):    -0.543ns
  Clock Uncertainty:      0.182ns  ((TSJ^2 + DJ^2)^1/2) / 2 + PE
    Total System Jitter     (TSJ):    0.071ns
    Discrete Jitter          (DJ):    0.102ns
    Phase Error              (PE):    0.120ns
  Clock Net Delay (Source):      0.909ns (routing 0.126ns, distribution 0.783ns)
  Clock Net Delay (Destination): 0.986ns (routing 0.133ns, distribution 0.853ns)
  Timing Exception:       MultiCycle Path   Setup -end   2    Hold  -end   1

    Location             Delay type                Incr(ns)  Path(ns)    Netlist Resource(s)
  -------------------------------------------------------------------    -------------------
                         (clock clk_out1_dpu_bd_clk_0 rise edge)
                                                      0.000     0.000 r  
    BUFG_PS_X0Y58        BUFG_PS                      0.000     0.000 r  dpu_bd_i/ps/inst/buffer_pl_clk_0.PL_CLK_0_BUFG/O
                         net (fo=2868, routed)        1.157     1.157    dpu_bd_i/clk/inst/clk_in1
    MMCM_X0Y1            MMCME4_ADV (Prop_MMCM_CLKIN1_CLKOUT0)
                                                      0.566     1.723 r  dpu_bd_i/clk/inst/mmcme4_adv_inst/CLKOUT0
                         net (fo=1, routed)           0.179     1.902    dpu_bd_i/clk/inst/clk_out1_dpu_bd_clk_0
    BUFGCE_X0Y25         BUFGCE (Prop_BUFCE_BUFGCE_I_O)
                                                      0.023     1.925 r  dpu_bd_i/clk/inst/clkout1_buf/O
    X1Y1 (CLOCK_ROOT)    net (fo=50938, routed)       0.909     2.834    <hidden>
    SLICE_X29Y146        FDRE                                         r  <hidden>
  -------------------------------------------------------------------    -------------------
    SLICE_X29Y146        FDRE (Prop_BFF_SLICEM_C_Q)
                                                      0.082     2.916 r  <hidden>
                         net (fo=1, routed)           0.318     3.234    <hidden>
    SLICE_X29Y146        FDRE                                         r  <hidden>
  -------------------------------------------------------------------    -------------------

                         (clock clk_out2_dpu_bd_clk_0 rise edge)
                                                      0.000     0.000 r  
    BUFG_PS_X0Y58        BUFG_PS                      0.000     0.000 r  dpu_bd_i/ps/inst/buffer_pl_clk_0.PL_CLK_0_BUFG/O
                         net (fo=2868, routed)        1.259     1.259    dpu_bd_i/clk/inst/clk_in1
    MMCM_X0Y1            MMCME4_ADV (Prop_MMCM_CLKIN1_CLKOUT1)
                                                     -0.079     1.180 r  dpu_bd_i/clk/inst/mmcme4_adv_inst/CLKOUT1
                         net (fo=1, routed)           0.208     1.388    dpu_bd_i/clk/inst/clk_out2_dpu_bd_clk_0
    BUFGCE_X0Y29         BUFGCE (Prop_BUFCE_BUFGCE_I_O)
                                                      0.026     1.414 r  dpu_bd_i/clk/inst/clkout2_buf/O
    X1Y1 (CLOCK_ROOT)    net (fo=11138, routed)       0.986     2.400    <hidden>
    SLICE_X29Y146        FDRE                                         r  <hidden>
                         clock pessimism              0.543     2.943    
                         clock uncertainty            0.182     3.125    
    SLICE_X29Y146        FDRE (Hold_GFF_SLICEM_C_D)
                                                      0.044     3.169    <hidden>
  -------------------------------------------------------------------
                         required time                         -3.169    
                         arrival time                           3.234    
  -------------------------------------------------------------------
                         slack                                  0.065    





